サーバーのメモ
118.27.20.205

ローカルでmysqlが起動しないとき、
https://qiita.com/chuck0523/items/b7b849b2ee287f05f011
$ tail -f /usr/local/var/mysql/oasis.local.err
$ mysql.server start

centosのバージョンとbento/centosのバージョンについて
https://teratail.com/questions/62830

yum update していけば Cent OS 7.x 系の最新バージョン
（現在は 7.3 ）になるので、どれから始めても似たようなものです。

vagrant box add bento/centos-7.3  --provider virtualbox


### コマンド  ####

vimでの変更を上書き保存できない場合
:w !sudo tee %を使用

⚠︎ #はサーバー内でのコマンド $はローカルのコマンド
作業フォルダ => os_server/centos7.5


バージョン確認
# cat /etc/redhat-release
CentOS Linux release 7.5.1804 (Core)


$ vagrant up # vagrantが立ち上がる
$ vagrant status # vagrantのステータスを確認 runningとなって入れば起動されている

$ vagrant ssh   # サーバーにsshで入る

# exit
$ vagrant half # vagrant停止


VPSにアクセス
$ ssh root@118.27.9.161
パスワード N***************

# 鍵設定
公開鍵をvpsに渡して、Mac側の秘密鍵と照らし合わせマッチさせることでセキュリティ向上
vps側の ~/.sshに作成
転送コマンド
$ scp ~/.ssh/meloon.pub nattu@118.27.9.161:~/.ssh/authorized_keys

鍵認証ができるようになった
$ ssh -i ~/.ssh/meloon nattu@118.27.9.161


 # sshの設定  (/etc/ssh/sshd_configをいじる)

1.ポート番号の変更 22-> 6183
2.パスワードログインの禁止 # スピード維持のため、してない
3.root禁止              # スピード維持のため、してない

サーバーリスタートして、設定の読み込み


*外部ネットワークとの通信を制御するためのファイアーウォールを設定

vim /etc/sysconfig/iptables
service iptables restart
iptables -L  #ファイアーウォールの設定確認


さらにCentOS7ではiptablesではなく、firewalldを使用するとのこと。
$ service iptables stop ->systemctl stop firewalld

ファイアウォール起動   systemctl start firewalld
再起動 systemctl restart firewalld
終了   systemctl stop firewalld

# firewallの設定 -> ⚠️centos6はiptablesだったが、7からはfirewalldになるので要注意
https://www.server-memo.net/centos-settings/firewalld/firewalld.html

/etc/sysconfig/iptablesに書いてある

許容する通信などが記載されてあるので、今後firewall関連でエラーが出た際には、
こちらにacceptの胸を記述する必要あり

⚠️ 6183を許可していないため、現状firewallをスタートさせるとサーバーからアクセスを
拒絶されてしまうので、注意する-> 設定ファイルに記載する必要あり
firewalldの設定マニュアル
⭐️http://www.kakiro-web.com/linux/firewalld.html

mysql
https://enomotodev.hatenablog.com/entry/2016/09/01/225200

パスワードの確認 $ sudo cat /var/log/mysqld.log | grep password
2018-09-12T07:40:17.199490Z 1 [Note] A temporary password is generated for root@localhost: v&N+midJd5tS(←ここの部分)

mysqlにログイン
$ mysql -u root -p(secret.txtに記載)
$ show databases;


mysqlに接続できない問題

fender natsukisugawara$ bundle exec rake db:create
"Can't connect to local MySQL server through socket '/tmp/mysql.sock' (2)
Couldn't create database for {"adapter"=>"mysql2", "encoding"=>"utf8", "pool"=>5, "host"=>"localhost", "database"=>"fender_development", "username"=>"root"}
rake aborted!
Mysql2::Error::ConnectionError: Can't connect to local MySQL server through socket '/tmp/mysql.sock' (2)
/Users/natsukisugawara/.rbenv/versions/2.5.1/bin/bundle:23:in `load'
/Users/natsukisugawara/.rbenv/versions/2.5.1/bin/bundle:23:in `<main>'
Tasks: TOP => db:create
(See full trace by running task with --trace)"

$ sudo mysql.server restart
 ERROR! MySQL server PID file could not be found!
Starting MySQL
. ERROR! The server quit without updating PID file (/usr/local/var/mysql/oasis.local.pid).
-> $ touch /usr/local/var/mysql/oasis.local.pid
これで治る確率高い

↓以下のようにして解決
$ whoami
natsukisugawara
oasis:fender natsukisugawara$ sudo chown -R natsukisugawara:wheel /usr/local/var/mysql


ローカルのmysqlの設定確認してみる
/usr/local/etc/my.cnf



## Nginxの設定

コマンド
自動起動設定
$ sudo systemctl enable nginx
起動
$ sudo systemctl start nginx
停止
$ sudo systemctl stop nginx
設定適用
$ sudo systemctl reload nginx
稼働状況確認
$ sudo systemctl status nginx


/etc/nginx/conf.d/local.confに設定ファイルがある

/var/log/nginx/error.log # エラーログのパス
/var/log/nginx/access.log # アクセス



⚠️後回し

$ rake assets:precompile RAILS_ENV=production  # => 環境変数をサーバーに付与する必要
rake aborted!
ArgumentError: Missing required arguments: aws_access_key_id, aws_secret_access_key
/Users/natsukisugawara/Desktop/fender/config/initializers/carrier_wave.rb:5:in `block in <main>'
/Users/natsukisugawara/Desktop/fender/config/initializers/carrier_wave.rb:4:in `<main>'
/Users/natsukisugawara/Desktop/fender/config/environment.rb:5:in `<main>'
Tasks: TOP => environment
(See full trace by running task with --trace)






バグってるなう

ローカルに

Host fender
  HostName
  User hoge
  Port 6183
  IdentityFile  ~/.ssh/fender/id_rsa

  のようなファイルを作成し
  ssh fenderで通信できればOK => できた

リモートからgithubにアクセスできなかった件
  .ssh以下のid_rsa id_rsa.pubの所有者がrootになっていたので、nattuの操作ではpermission エラーになっていた
  -> 所有者を変えることで解決
  $sudo chown nattu:nattu id_rsa.pub

  $ ssh -vT git@github.com # デバッグに便利



cap production deployでのエラー
1. bundle installができない

参考記事)https://blog.wackwack.net/entry/2014/06/24/005051
https://www.pistolfly.com/weblog/2012/01/change-path-environment-with-r.html
~> ** DEPLOY FAILED
** Refer to log/capistrano.log for details. Here are the last 20 lines:


  INFO [89645011] Finished in 0.123 seconds with exit status 0 (successful).

 DEBUG [b9a75c7f] Running [ -L /var/www/app/fender/releases/20180916155036/public/assets ] as user@***.**.*.***

 DEBUG [b9a75c7f] Command: [ -L /var/www/app/fender/releases/20180916155036/public/assets ]

 DEBUG [4835d854] Finished in 0.124 seconds with exit status 1 (failed).

 DEBUG [5094f5a4] Running [ -d /var/www/app/fender/releases/20180916155036/public/assets ] as user@***.**.*.***

 DEBUG [5094f5a4] Command: [ -d /var/www/app/fender/releases/20180916155036/public/assets ]

 DEBUG [863a2bb4] Finished in 0.122 seconds with exit status 1 (failed).

  INFO [de2725c3] Running /usr/bin/env ln -s /var/www/app/fender/shared/public/assets /var/www/app/fender/releases/20180916155036/public/assets as user@***.**.*.***

 DEBUG [de2725c3] Command: ( export RBENV_ROOT="/home/user/.rbenv" RBENV_VERSION="2.5.1" ; /usr/bin/env ln -s /var/www/app/fender/shared/public/assets /var/www/app/fender/releases/20180916155036/public/assets )

  INFO [a90efcc3] Finished in 0.128 seconds with exit status 0 (successful).

 DEBUG [04d3f607] Running if test ! -d /var/www/app/fender/releases/20180916155036; then echo "Directory does not exist '/var/www/app/fender/releases/20180916155036'" 1>&2; false; fi as user@***.**.*.***

 DEBUG [04d3f607] Command: if test ! -d /var/www/app/fender/releases/20180916155036; then echo "Directory does not exist '/var/www/app/fender/releases/20180916155036'" 1>&2; false; fi

 DEBUG [f82397df] Finished in 0.119 seconds with exit status 0 (successful).

 DEBUG [2efa1e88] Running /home/user/.rbenv/bin/rbenv exec bundle check --path /var/www/app/fender/shared/bundle as user@***.**.*.***

 DEBUG [2efa1e88] Command: cd /var/www/app/fender/releases/20180916155036 && ( export RBENV_ROOT="/home/user/.rbenv" RBENV_VERSION="2.5.1" ; /home/user/.rbenv/bin/rbenv exec bundle check --path /var/www/app/fender/shared/bundle )

 DEBUG [f78703ad] 	/usr/bin/env: ruby: そのようなファイルやディレクトリはありません

 DEBUG [f78703ad] Finished in 0.194 seconds with exit status 127 (failed).

  INFO [06a59c4a] Running /home/user/.rbenv/bin/rbenv exec bundle install --path /var/www/app/fender/shared/bundle --without development test --deployment --quiet as user@***.**.*.***

 DEBUG [06a59c4a] Command: cd /var/www/app/fender/releases/20180916155036 && ( export RBENV_ROOT="/home/user/.rbenv" RBENV_VERSION="2.5.1" ; /home/user/.rbenv/bin/rbenv exec bundle install --path /var/www/app/fender/shared/bundle --without development test --deployment --quiet )

 DEBUG [d6342b8b] 	/usr/bin/env: ruby: そのようなファイルやディレクトリはありません

 => default_envを設定して修復した。

2. fogのバージョン依存のエラー
bundler:install
     01 /home/nattu/.rbenv/bin/rbenv exec bundle install --path /var/www/app/fender/shared/bundle --without development test --deployment --quiet
     01 Gem::Ext::BuildError: ERROR: Failed to build gem native extension.
     01
     01 current directory:
     01 /var/www/app/fender/shared/bundle/ruby/2.5.0/gems/unf_ext-0.0.7.5/ext/unf_ext
     01 /home/nattu/.rbenv/versions/2.5.1/bin/ruby -r ./siteconf20180920-5079-18g39y3.rb
     01 extconf.rb
     01 checking for -lstdc++... no
     01 creating Makefile
     01
     01 current directory:
     01 /var/www/app/fender/shared/bundle/ruby/2.5.0/gems/unf_ext-0.0.7.5/ext/unf_ext
     01 make "DESTDIR=" clean
     01
     01 current directory:
     01 /var/www/app/fender/shared/bundle/ruby/2.5.0/gems/unf_ext-0.0.7.5/ext/unf_ext
     01 make "DESTDIR="
     01 compiling unf.cc
     01 make: g++: コマンドが見つかりませんでした
     01 make: *** [unf.o] エラー 127
     01
     01 make failed, exit code 2
     01
     01 Gem files will remain installed in
     01 /var/www/app/fender/shared/bundle/ruby/2.5.0/gems/unf_ext-0.0.7.5 for
     01 inspection.
     01 Results logged to
     01 /var/www/app/fender/shared/bundle/ruby/2.5.0/extensions/x86_64-linux/2.5.0-static/unf_ext-0.0.7.5/gem_make.out
     01
     01 An error occurred while installing unf_ext (0.0.7.5), and Bundler cannot
     01 continue.
     01 Make sure that `gem install unf_ext -v '0.0.7.5' --source
     01 'https://rubygems.org/'` succeeds before bundling.
     01
     01 In Gemfile:
     01   fog was resolved to 2.0.0, which depends on
     01     fog-ovirt was resolved to 1.1.2, which depends on
     01       rbovirt was resolved to 0.1.7, which depends on
     01         rest-client was resolved to 2.0.2, which depends on
     01           http-cookie was resolved to 1.0.3, which depends on
     01             domain_name was resolved to 0.5.20180417, which depends on
     01               unf was resolved to 0.1.4, which depends on
     01                 unf_ext
https://qiita.com/nariatsu/items/7c260df42289b7acc711

3. assets precompileのエラー

Tasks: TOP => deploy:assets:precompile
(See full trace by running task with --trace)
The deploy has failed with an error: Exception while executing as nattu@118.27.9.161: rake exit status: 1
rake stdout: rake aborted!
ArgumentError: Missing required arguments: aws_access_key_id, aws_secret_access_key
/var/www/app/fender/shared/bundle/ruby/2.5.0/gems/fog-core-1.45.0/lib/fog/core/service.rb:244:in `validate_options'



再起動したあととかだと、cap productionができなくなる
$ ssh-add ~/.ssh/fender/meloon



unicornエラー
unicorn:start
      01 /home/nattu/.rbenv/bin/rbenv exec bundle exec unicorn -c /var/www/app/fender/current/config/unicorn/production.rb -E deployment -D
      01 bundler: failed to load command: unicorn (/var/www/app/fender/shared/bundle/ruby/2.5.0/bin/unicorn)
      01 ArgumentError: directory for pid=/var/www/app/fender/current/shared/tmp/pids/unicorn.pid not writable
      01   /var/www/app/fender/shared/bundle/ruby/2.5.0/gems/unicorn-5.4.1/lib/unicorn/configurator.rb:100:in `block in reload'


      # unicorn:start
      #       01 /home/nattu/.rbenv/bin/rbenv exec bundle exec unicorn -c /var/www/app/fender/current/config/unicorn/production.rb -E deployment -D
      #       01 -----------------------------------------------------------------
      #       01 -------------メッシメッシメッシメッシメッシメッシメッシ-----------------
      #       01 -----------------------------------------------------------------
      #       01 bundler: failed to load command: unicorn (/var/www/app/fender/shared/bundle/ruby/2.5.0/bin/unicorn)
      #       01 ArgumentError: directory for pid=/var/www/app/fender/current/shared/tmp/pids/unicorn.pid not writable
      #       01   /var/www/app/fender/shared/bundle/ruby/2.5.0/gems/unicorn-5.4.1/lib/unicorn/configurator.rb:100:in `block in reload'
      #       01   /var/www/app/fender/shared/bundle/ruby/2.5.0/gems/unicorn-5.4.1/lib/unicorn/configurator.rb:96:in `each'
      #       01   /var/www/app/fender/shared/bundle/ruby/2.5.0/gems/unicorn-5.4.1/lib/unicorn/configurator.rb:96:in `reload'
      #       01   /var/www/app/fender/shared/bundle/ruby/2.5.0/gems/unicorn-5.4.1/lib/unicorn/configurator.rb:77:in `initialize'
      #       01   /var/www/app/fender/shared/bundle/ruby/2.5.0/gems/unicorn-5.4.1/lib/unicorn/http_server.rb:77:in `new'
      #       01   /var/www/app/fender/shared/bundle/ruby/2.5.0/gems/unicorn-5.4.1/lib/unicorn/http_server.rb:77:in `initialize'
      #       01   /var/www/app/fender/shared/bundle/ruby/2.5.0/gems/unicorn-5.4.1/bin/unicorn:126:in `new'
      #       01   /var/www/app/fender/shared/bundle/ruby/2.5.0/gems/unicorn-5.4.1/bin/unicorn:126:in `<top (required)>'
      #       01   /var/www/app/fender/shared/bundle/ruby/2.5.0/bin/unicorn:23:in `load'
      #       01   /var/www/app/fender/shared/bundle/ruby/2.5.0/bin/unicorn:23:in `<top (required)>'
      #       01 master failed to start, check stderr log for details
      # #<Thread:0x00007f8501ad46b0@/Users/natsukisugawara/.rbenv/versions/2.5.1/lib/ruby/gems/2.5.0/gems/sshkit-1.17.0/lib/sshkit/runners/parallel.rb:10 run> terminated with exception (report_on_exception is true):
      # Traceback (most recent call last):
      # 	1: from /Users/natsukisugawara/.rbenv/versions/2.5.1/lib/ruby/gems/2.5.0/gems/sshkit-1.17.0/lib/sshkit/runners/parallel.rb:11:in `block (2 levels) in execute'
      # /Users/natsukisugawara/.rbenv/versions/2.5.1/lib/ruby/gems/2.5.0/gems/sshkit-1.17.0/lib/sshkit/runners/parallel.rb:15:in `rescue in block (2 levels) in execute': Exception while executing as nattu@118.27.9.161: bundle exit status: 1 (SSHKit::Runner::ExecuteError)

      # ローカルでfender/shared/tmp/pids/のディレクトリを作ってあげれば治る
      # https://blog.nagatech.work/post/ruby/78






1. ローカルとコノハの鍵

~/.ssh/fender/meloon

/ssh_config
--------------
Host fender
  HostName 118.27.9.161
  User nattu
  Port 6183
  IdentityFile  ~/.ssh/fender/meloon
-------------------------------------

ssh fenderでは接続できる

2. コノハとgithub接続の鍵


設定は~/.ssh/configが優先される!!
http://www.usupi.org/sysad/247.html




### サーバーの再構築

反省点 ->

- ruby のバージョンを途中で変えた(gemのファイルなどがバラバラになった)
- unicorn 起動できない
-

次に活かすこと

- rubyは2.5.1
- centos 6.9を使用する
- sshd_configの設定は後回しにする
- ポート番号は 61618

IPアドレス
118.27.20.205

- 鍵設定をリセットする ->色々とぐちゃぐちゃになってる(ローカルも)
-

https://www.tabosque.com/tech/22



git ls-remote git@github.com:NatsukiSugawara/fender.git HEADでpermission denyのエラー
神サイト！！
https://qiita.com/sshojiro/items/60982f06c1a0ba88c160

ssh-add でCould not open a connection to your authentication agentエラー
https://qiita.com/ytheta/items/cbbd0b833c19784dfa1e






サーバー再構築!!0922

IP:
118.27.20.205

port:
5467

.ssh/known_hostsのなかに以前のIP接続記録が記載されているので、該当する行を消す
以前の鍵も消してしまう

パスワードはコノハで設定したもの

# yum update

文字コードの設定
https://dotinstall.com/lessons/basic_sakura_vps/8004
vim /etc/sysconfig/i18n で中身を日本語に変更する(詳細はdotinstall 4かいめ)


作業ユーザーの作成
# useradd nattu
# passwd nattu
# usermod -G wheel dotinstall
# visudo

ローカルから確認
$ ssh nattu@IP


#### 鍵認証設定 #####

mac側で鍵のペアを作成
 - 公開鍵をリモートに転送
 - 秘密鍵は ローカルに

鍵の置き場所を作成
[nattu@118-27-20-205 ~]$ pwd
/home/nattu
[nattu@118-27-20-205 ~]$ mkdir ~/.ssh
[nattu@118-27-20-205 ~]$ chmod 700 ~/.ssh


ローカルでペアを作成
$ ssh-keygen -t rsa -v

$ ls -la .ssh
$ chmod 600 .ssh/id_rsa.pub
$ scp ~/.ssh/conoha3/id_rsa.pub nattu@118.27.20.205:~/.ssh/authorized_keys # 秘密鍵を転送
$ ssh -i ~/.ssh/conoha3/id_rsa nattu@118.27.20.205 # 秘密鍵で認証ログイン


oasis:.ssh natsukisugawara$ pwd
/Users/natsukisugawara/.ssh
oasis:.ssh natsukisugawara$ vim config
```
Host conoha3
  Hostname 118.27.20.205
  User nattu
  Port 5467
  IdentityFile ~/.ssh/conoha3/id_rsa
```


$ ssh conoha3
リモートに接続できた！！


セキュリティ向上


$ sudo -s # root権限にする
cp /etc/ssh/sshd_config /etc/ssh/sshd_config.org
vim /etc/ssh/sshd_config

```変更箇所
Port YOUR_PORT_NUMBER
PasswordAuthentication no
PermitRootLogin no
```
サーバーで操作
# vim /etc/sysconfig/iptables

```
*filter
:INPUT    DROP    [0:0]
:FORWARD  DROP    [0:0]
:OUTPUT   ACCEPT  [0:0]
:SERVICES -       [0:0]
-A INPUT -i lo -j ACCEPT
-A INPUT -p icmp --icmp-type echo-request -m limit --limit 1/s --limit-burst 4  -j ACCEPT
-A INPUT -p tcp -m state --state ESTABLISHED,RELATED -j ACCEPT
-A INPUT -p tcp -m state --state NEW -j SERVICES
-A INPUT -p udp --sport 53 -j ACCEPT
-A INPUT -p udp --sport 123 --dport 123 -j ACCEPT
-A SERVICES -p tcp --dport YOUR_PORT_NUMBER -j ACCEPT
-A SERVICES -p tcp --dport 80 -j ACCEPT
-A SERVICES -p tcp --dport 443 -j ACCEPT
COMMIT

```
# service iptables restart
# iptables -L


ruby node js mysqlインストールする

mysqlはドットインストール


nginxの整備

conohaサーバーで
$ sudo mkdir -p /var/www/fender/current


^^^^^^^^^^一旦中断 ^^^^^^^^^^^^^^^


oasis:fender natsukisugawara$ git com -m "リベンジ"
[master c66c114] リベンジ


oasis:fender natsukisugawara$ bundle exec cap production deploy:upload
#<Thread:0x00007f9e41a2b570@/Users/natsukisugawara/.rbenv/versions/2.5.1/lib/ruby/gems/2.5.0/gems/sshkit-1.17.0/lib/sshkit/runners/parallel.rb:10 run> terminated with exception (report_on_exception is true):
Traceback (most recent call last):
	1: from /Users/natsukisugawara/.rbenv/versions/2.5.1/lib/ruby/gems/2.5.0/gems/sshkit-1.17.0/lib/sshkit/runners/parallel.rb:11:in `block (2 levels) in execute'
/Users/natsukisugawara/.rbenv/versions/2.5.1/lib/ruby/gems/2.5.0/gems/sshkit-1.17.0/lib/sshkit/runners/parallel.rb:15:in `rescue in block (2 levels) in execute': Exception while executing as nattu@118.27.9.161: Connection refused - connect(2) for 118.27.9.161:5467 (SSHKit::Runner::ExecuteError)
(Backtrace restricted to imported tasks)
cap aborted!
SSHKit::Runner::ExecuteError: Exception while executing as nattu@118.27.9.161: Connection refused - connect(2) for 118.27.9.161:5467


Caused by:
Errno::ECONNREFUSED: Connection refused - connect(2) for 118.27.9.161:5467

Tasks: TOP => rbenv:validate
(See full trace by running task with --trace)
oasis:fender natsukisugawara$ git st
On branch master
Your branch is up to date with 'origin/master'.

Changes not staged for commit:
  (use "git add <file>..." to update what will be committed)
  (use "git checkout -- <file>..." to discard changes in working directory)

	modified:   Capfile
	modified:   config/deploy/production.rb

no changes added to commit (use "git add" and/or "git commit -a")
oasis:fender natsukisugawara$ git st
On branch master
Your branch is up to date with 'origin/master'.

Changes not staged for commit:
  (use "git add <file>..." to update what will be committed)
  (use "git checkout -- <file>..." to discard changes in working directory)

	modified:   Capfile
	modified:   config/deploy/production.rb

no changes added to commit (use "git add" and/or "git commit -a")
oasis:fender natsukisugawara$ git add .
oasis:fender natsukisugawara$ git com -m "ip変更"
[master 7f27fd9] ip変更
 2 files changed, 2 insertions(+), 5 deletions(-)
oasis:fender natsukisugawara$ git push origin master
Counting objects: 6, done.
Delta compression using up to 4 threads.
Compressing objects: 100% (6/6), done.
Writing objects: 100% (6/6), 536 bytes | 536.00 KiB/s, done.
Total 6 (delta 4), reused 0 (delta 0)
remote: Resolving deltas: 100% (4/4), completed with 4 local objects.
To https://github.com/NatsukiSugawara/fender.git
   c66c114..7f27fd9  master -> master
oasis:fender natsukisugawara$ bundle exec cap production deploy:upload
#<Thread:0x00007f89c7a00408@/Users/natsukisugawara/.rbenv/versions/2.5.1/lib/ruby/gems/2.5.0/gems/sshkit-1.17.0/lib/sshkit/runners/parallel.rb:10 run> terminated with exception (report_on_exception is true):
Traceback (most recent call last):
	1: from /Users/natsukisugawara/.rbenv/versions/2.5.1/lib/ruby/gems/2.5.0/gems/sshkit-1.17.0/lib/sshkit/runners/parallel.rb:11:in `block (2 levels) in execute'
/Users/natsukisugawara/.rbenv/versions/2.5.1/lib/ruby/gems/2.5.0/gems/sshkit-1.17.0/lib/sshkit/runners/parallel.rb:15:in `rescue in block (2 levels) in execute': Exception while executing as nattu@118.27.20.205: Authentication failed for user nattu@118.27.20.205 (SSHKit::Runner::ExecuteError)
(Backtrace restricted to imported tasks)
cap aborted!
SSHKit::Runner::ExecuteError: Exception while executing as nattu@118.27.20.205: Authentication failed for user nattu@118.27.20.205


Caused by:
Net::SSH::AuthenticationFailed: Authentication failed for user nattu@118.27.20.205

Tasks: TOP => rbenv:validate
(See full trace by running task with --trace)
oasis:fender natsukisugawara$ ssh-add -l
2048 SHA256:kSy+9+nXCph7K8/H3xE/c7b2GXCN+ok8IenwiW5EzZI /Users/natsukisugawara/.ssh/conoha/0921 (RSA)
4096 SHA256:UEXgKBLpgSehaeoy5aVueD2DGUS7ZcpbQ5PnhRnqY/o conoha_second/id_rsa (RSA)
oasis:fender natsukisugawara$ ssh-add ~/.ssh/conoha3/id_rsa
Identity added: /Users/natsukisugawara/.ssh/conoha3/id_rsa (/Users/natsukisugawara/.ssh/conoha3/id_rsa)
oasis:fender natsukisugawara$ bundle exec cap production deploy:upload
00:00 rbenv:validate
      WARN  rbenv: 2.5.1 is not installed or not found in /usr/local/rbenv/versions/2.5.1 on 118.27.20.205
oasis:fender natsukisugawara$ git st
On branch master
Your branch is up to date with 'origin/master'.

Changes not staged for commit:
  (use "git add <file>..." to update what will be committed)
  (use "git checkout -- <file>..." to discard changes in working directory)

	modified:   config/deploy.rb

no changes added to commit (use "git add" and/or "git commit -a")
oasis:fender natsukisugawara$ git st
On branch master
Your branch is up to date with 'origin/master'.

Changes not staged for commit:
  (use "git add <file>..." to update what will be committed)
  (use "git checkout -- <file>..." to discard changes in working directory)

	modified:   config/deploy.rb

no changes added to commit (use "git add" and/or "git commit -a")
oasis:fender natsukisugawara$ git add config/deploy.rb
oasis:fender natsukisugawara$ git com -m "rbenvをuserにした"
[master abc40bf] rbenvをuserにした
 1 file changed, 2 insertions(+), 2 deletions(-)
oasis:fender natsukisugawara$ git push origin master
Counting objects: 4, done.
Delta compression using up to 4 threads.
Compressing objects: 100% (4/4), done.
Writing objects: 100% (4/4), 395 bytes | 395.00 KiB/s, done.
Total 4 (delta 3), reused 0 (delta 0)
remote: Resolving deltas: 100% (3/3), completed with 3 local objects.
To https://github.com/NatsukiSugawara/fender.git
   7f27fd9..abc40bf  master -> master
oasis:fender natsukisugawara$
oasis:fender natsukisugawara$ bundle exec cap production deploy:upload
00:00 deploy:upload
      01 mkdir -p /var/www/fender/shared/config
      01 mkdir: ディレクトリ `/var/www/fender/shared' を作成できません: 許可がありません
#<Thread:0x00007fb57799df70@/Users/natsukisugawara/.rbenv/versions/2.5.1/lib/ruby/gems/2.5.0/gems/sshkit-1.17.0/lib/sshkit/runners/parallel.rb:10 run> terminated with exception (report_on_exception is true):
Traceback (most recent call last):
	1: from /Users/natsukisugawara/.rbenv/versions/2.5.1/lib/ruby/gems/2.5.0/gems/sshkit-1.17.0/lib/sshkit/runners/parallel.rb:11:in `block (2 levels) in execute'
/Users/natsukisugawara/.rbenv/versions/2.5.1/lib/ruby/gems/2.5.0/gems/sshkit-1.17.0/lib/sshkit/runners/parallel.rb:15:in `rescue in block (2 levels) in execute': Exception while executing as nattu@118.27.20.205: mkdir exit status: 1 (SSHKit::Runner::ExecuteError)
mkdir stdout: mkdir: ディレクトリ `/var/www/fender/shared' を作成できません: 許可がありません
mkdir stderr: Nothing written
(Backtrace restricted to imported tasks)
cap aborted!
SSHKit::Runner::ExecuteError: Exception while executing as nattu@118.27.20.205: mkdir exit status: 1
mkdir stdout: mkdir: ディレクトリ `/var/www/fender/shared' を作成できません: 許可がありません
mkdir stderr: Nothing written


Caused by:
SSHKit::Command::Failed: mkdir exit status: 1
mkdir stdout: mkdir: ディレクトリ `/var/www/fender/shared' を作成できません: 許可がありません
mkdir stderr: Nothing written

Tasks: TOP => deploy:upload
(See full trace by running task with --trace)
oasis:fender natsukisugawara$
oasis:fender natsukisugawara$ bundle exec cap production deploy:upload
00:00 deploy:upload
      01 mkdir -p /var/www/fender/shared/config
    ✔ 01 nattu@118.27.20.205 0.115s
      Uploading config/database.yml 100.0%
      Uploading config/secrets.yml 100.0%
oasis:fender natsukisugawara$ bundle exec cap production deploy:check
00:00 git:wrapper
      01 mkdir -p /tmp
    ✔ 01 nattu@118.27.20.205 0.104s
      Uploading /tmp/git-ssh-fender-production-natsukisugawara.sh 100.0%
      02 chmod 700 /tmp/git-ssh-fender-production-natsukisugawara.sh
    ✔ 02 nattu@118.27.20.205 0.110s
00:00 git:check
      01 git ls-remote git@github.com:NatsukiSugawara/fender.git HEAD
      01 Warning: Permanently added the RSA host key for IP address '192.30.255.112' to the list of known hosts.
      01 Permission denied (publickey).
      01 fatal: The remote end hung up unexpectedly
#<Thread:0x00007fa828365560@/Users/natsukisugawara/.rbenv/versions/2.5.1/lib/ruby/gems/2.5.0/gems/sshkit-1.17.0/lib/sshkit/runners/parallel.rb:10 run> terminated with exception (report_on_exception is true):
Traceback (most recent call last):
	1: from /Users/natsukisugawara/.rbenv/versions/2.5.1/lib/ruby/gems/2.5.0/gems/sshkit-1.17.0/lib/sshkit/runners/parallel.rb:11:in `block (2 levels) in execute'
/Users/natsukisugawara/.rbenv/versions/2.5.1/lib/ruby/gems/2.5.0/gems/sshkit-1.17.0/lib/sshkit/runners/parallel.rb:15:in `rescue in block (2 levels) in execute': Exception while executing as nattu@118.27.20.205: git exit status: 128 (SSHKit::Runner::ExecuteError)
git stdout: Warning: Permanently added the RSA host key for IP address '192.30.255.112' to the list of known hosts.
Permission denied (publickey).
fatal: The remote end hung up unexpectedly
git stderr: Nothing written
(Backtrace restricted to imported tasks)
cap aborted!
SSHKit::Runner::ExecuteError: Exception while executing as nattu@118.27.20.205: git exit status: 128
git stdout: Warning: Permanently added the RSA host key for IP address '192.30.255.112' to the list of known hosts.
Permission denied (publickey).
fatal: The remote end hung up unexpectedly
git stderr: Nothing written


Caused by:
SSHKit::Command::Failed: git exit status: 128
git stdout: Warning: Permanently added the RSA host key for IP address '192.30.255.112' to the list of known hosts.
Permission denied (publickey).
fatal: The remote end hung up unexpectedly
git stderr: Nothing written

Tasks: TOP => deploy:check => git:check
(See full trace by running task with --trace)
oasis:fender natsukisugawara$

・rbenvをuserに設定
・ローカルにssh-agent指定

次は

- rbenvのバージョン指定

gem envで確認ご、rbenv_pathを指定することで解決した

#1a73e8

- githubのリポジトリを非公開にしていると、permission errorが発生する
-> 非公開の時にはsshではなくhttpで通信する
例) set :repo_url, "https://NatsukiSugawara:snsn0803@github.com/NatsukiSugawara/fender.git"

- ファイルの拡張子を間違えていた（参考記事を頼りすぎてしまい思考停止になっていんた）
/Capfile内の
Dir.glob("lib/capistrano/tasks/*.rake").each { |r| import r }
によってtaskが走るが、hoge.capのファイル名を作成してしまっていた...

- unicornのパス設定 とlinked_dirの関連を理解していなかった

tmp配下はユニコーン関連のファイルが存在するが、linked_dirに含まないとエラーが発生する
set :linked_dirs,  %w{bin log tmp/pids tmp/sockets tmp/cache vender/bundle } # sharedにシンボリックリンクを張るディレクトリ指定-> デプロイ対象としたくないディレクトリを記載




デプロイの流れ

css等をコンパイル
$ rake assets:precompile RAILS_ENV=production

Gitにデプロイ
$ git add .
$ git commit -m "deploy"
$ git git push origin master

$ bundle exec cap production deploy:upload # database.ymlをアップロードする
$ bundle exec cap production deploy:check # deploy可能かのチェック
$ bundle exec cap production deploy

nginxを起動
$ sudo chkconfig nginx on # 自動起動設定
$ sudo service nginx configtest # 設定ファイルに問題がないか確認
$ sudo service nginx restart #再起動

ユニコーン起動
bundle exec unicorn_rails -c config/unicorn/production.rb -E production


エラーの時
conohaサーバー内で
$ sudo tail -f /var/log/nginx/error.log
